
[0;32mPHPUnit Pretty Result Printer 0.26.2 by Codedungeon and contributors.
[0m[0;33m==> Configuration: [0;33m/Applications/MAMP/htdocs/contasoft/vendor/codedungeon/phpunit-result-printer/src/phpunit-printer.yml[0m

PHPUnit 8.0.6 by Sebastian Bergmann and contributors.


 ==> CreateUserTest             ✔  ✔  ✔  ✔  ✔  ✔  

Time: 906 ms, Memory: 50.25 MB

OK (6 tests, 17 assertions)
